Γû▓ Next.js 16.1.1 (Turbopack)
- Environments: .env.local

  Creating an optimized production build ...
Γ£ô Compiled successfully in 2.1s
  Running TypeScript ...
  Collecting page data using 19 workers ...
ΓÜá Using edge runtime on a page currently disables static generation for that page
  Generating static pages using 19 workers (0/9) ...
  Generating static pages using 19 workers (2/9) 
  Generating static pages using 19 workers (4/9) 
  Generating static pages using 19 workers (6/9) 
Γ£ô Generating static pages using 19 workers (9/9) in 416.0ms
  Finalizing page optimization ...

Route (app)
Γöî Γùï /
Γö£ Γùï /_not-found
Γö£ Γùï /ai-editor
Γö£ ╞Æ /api/ai-editor/chat
Γö£ ╞Æ /api/chat
Γö£ ╞Æ /opengraph-image
Γö£ ╞Æ /projects/[slug]
Γö£ Γùï /robots.txt
Γöö Γùï /sitemap.xml


Γùï  (Static)   prerendered as static content
╞Æ  (Dynamic)  server-rendered on demand

